MO adder NULL adder.v vlg54/adder.bin 1631865009
MO practice NULL practice.v vlg33/practice.bin 1631800706
MO muxtwo NULL muxtwo.v vlg64/muxtwo.bin 1631806389
MO muxtwo2 NULL muxtwo1.v vlg26/muxtwo2.bin 1631807761
MO count1s NULL muxtwo1.v vlg0D/count1s.bin 1631865648
MO sample NULL practice.v vlg4A/sample.bin 1631806291
